Archive member included to satisfy reference by file (symbol)

C:/ST/STM32CubeIDE_1.0.2/STM32CubeIDE/plugins/com.st.stm32cube.ide.mcu.externaltools.gnu-tools-for-stm32.11.3.rel1.win32_1.1.1.202309131626/tools/bin/../lib/gcc/arm-none-eabi/11.3.1/../../../../arm-none-eabi/lib/thumb/v6-m/nofp\libc_nano.a(libc_a-exit.o)
                              C:/ST/STM32CubeIDE_1.0.2/STM32CubeIDE/plugins/com.st.stm32cube.ide.mcu.externaltools.gnu-tools-for-stm32.11.3.rel1.win32_1.1.1.202309131626/tools/bin/../lib/gcc/arm-none-eabi/11.3.1/../../../../arm-none-eabi/lib/thumb/v6-m/nofp/crt0.o (exit)
C:/ST/STM32CubeIDE_1.0.2/STM32CubeIDE/plugins/com.st.stm32cube.ide.mcu.externaltools.gnu-tools-for-stm32.11.3.rel1.win32_1.1.1.202309131626/tools/bin/../lib/gcc/arm-none-eabi/11.3.1/../../../../arm-none-eabi/lib/thumb/v6-m/nofp\libc_nano.a(libc_a-findfp.o)
                              C:/ST/STM32CubeIDE_1.0.2/STM32CubeIDE/plugins/com.st.stm32cube.ide.mcu.externaltools.gnu-tools-for-stm32.11.3.rel1.win32_1.1.1.202309131626/tools/bin/../lib/gcc/arm-none-eabi/11.3.1/../../../../arm-none-eabi/lib/thumb/v6-m/nofp\libc_nano.a(libc_a-exit.o) (__stdio_exit_handler)
C:/ST/STM32CubeIDE_1.0.2/STM32CubeIDE/plugins/com.st.stm32cube.ide.mcu.externaltools.gnu-tools-for-stm32.11.3.rel1.win32_1.1.1.202309131626/tools/bin/../lib/gcc/arm-none-eabi/11.3.1/../../../../arm-none-eabi/lib/thumb/v6-m/nofp\libc_nano.a(libc_a-fwalk.o)
                              C:/ST/STM32CubeIDE_1.0.2/STM32CubeIDE/plugins/com.st.stm32cube.ide.mcu.externaltools.gnu-tools-for-stm32.11.3.rel1.win32_1.1.1.202309131626/tools/bin/../lib/gcc/arm-none-eabi/11.3.1/../../../../arm-none-eabi/lib/thumb/v6-m/nofp\libc_nano.a(libc_a-findfp.o) (_fwalk_sglue)
C:/ST/STM32CubeIDE_1.0.2/STM32CubeIDE/plugins/com.st.stm32cube.ide.mcu.externaltools.gnu-tools-for-stm32.11.3.rel1.win32_1.1.1.202309131626/tools/bin/../lib/gcc/arm-none-eabi/11.3.1/../../../../arm-none-eabi/lib/thumb/v6-m/nofp\libc_nano.a(libc_a-stdio.o)
                              C:/ST/STM32CubeIDE_1.0.2/STM32CubeIDE/plugins/com.st.stm32cube.ide.mcu.externaltools.gnu-tools-for-stm32.11.3.rel1.win32_1.1.1.202309131626/tools/bin/../lib/gcc/arm-none-eabi/11.3.1/../../../../arm-none-eabi/lib/thumb/v6-m/nofp\libc_nano.a(libc_a-findfp.o) (__sread)
C:/ST/STM32CubeIDE_1.0.2/STM32CubeIDE/plugins/com.st.stm32cube.ide.mcu.externaltools.gnu-tools-for-stm32.11.3.rel1.win32_1.1.1.202309131626/tools/bin/../lib/gcc/arm-none-eabi/11.3.1/../../../../arm-none-eabi/lib/thumb/v6-m/nofp\libc_nano.a(libc_a-memset.o)
                              C:/ST/STM32CubeIDE_1.0.2/STM32CubeIDE/plugins/com.st.stm32cube.ide.mcu.externaltools.gnu-tools-for-stm32.11.3.rel1.win32_1.1.1.202309131626/tools/bin/../lib/gcc/arm-none-eabi/11.3.1/../../../../arm-none-eabi/lib/thumb/v6-m/nofp/crt0.o (memset)
C:/ST/STM32CubeIDE_1.0.2/STM32CubeIDE/plugins/com.st.stm32cube.ide.mcu.externaltools.gnu-tools-for-stm32.11.3.rel1.win32_1.1.1.202309131626/tools/bin/../lib/gcc/arm-none-eabi/11.3.1/../../../../arm-none-eabi/lib/thumb/v6-m/nofp\libc_nano.a(libc_a-closer.o)
                              C:/ST/STM32CubeIDE_1.0.2/STM32CubeIDE/plugins/com.st.stm32cube.ide.mcu.externaltools.gnu-tools-for-stm32.11.3.rel1.win32_1.1.1.202309131626/tools/bin/../lib/gcc/arm-none-eabi/11.3.1/../../../../arm-none-eabi/lib/thumb/v6-m/nofp\libc_nano.a(libc_a-stdio.o) (_close_r)
C:/ST/STM32CubeIDE_1.0.2/STM32CubeIDE/plugins/com.st.stm32cube.ide.mcu.externaltools.gnu-tools-for-stm32.11.3.rel1.win32_1.1.1.202309131626/tools/bin/../lib/gcc/arm-none-eabi/11.3.1/../../../../arm-none-eabi/lib/thumb/v6-m/nofp\libc_nano.a(libc_a-reent.o)
                              C:/ST/STM32CubeIDE_1.0.2/STM32CubeIDE/plugins/com.st.stm32cube.ide.mcu.externaltools.gnu-tools-for-stm32.11.3.rel1.win32_1.1.1.202309131626/tools/bin/../lib/gcc/arm-none-eabi/11.3.1/../../../../arm-none-eabi/lib/thumb/v6-m/nofp\libc_nano.a(libc_a-closer.o) (errno)
C:/ST/STM32CubeIDE_1.0.2/STM32CubeIDE/plugins/com.st.stm32cube.ide.mcu.externaltools.gnu-tools-for-stm32.11.3.rel1.win32_1.1.1.202309131626/tools/bin/../lib/gcc/arm-none-eabi/11.3.1/../../../../arm-none-eabi/lib/thumb/v6-m/nofp\libc_nano.a(libc_a-impure.o)
                              C:/ST/STM32CubeIDE_1.0.2/STM32CubeIDE/plugins/com.st.stm32cube.ide.mcu.externaltools.gnu-tools-for-stm32.11.3.rel1.win32_1.1.1.202309131626/tools/bin/../lib/gcc/arm-none-eabi/11.3.1/../../../../arm-none-eabi/lib/thumb/v6-m/nofp\libc_nano.a(libc_a-reent.o) (_impure_ptr)
C:/ST/STM32CubeIDE_1.0.2/STM32CubeIDE/plugins/com.st.stm32cube.ide.mcu.externaltools.gnu-tools-for-stm32.11.3.rel1.win32_1.1.1.202309131626/tools/bin/../lib/gcc/arm-none-eabi/11.3.1/../../../../arm-none-eabi/lib/thumb/v6-m/nofp\libc_nano.a(libc_a-lseekr.o)
[...]
Memory Configuration

Name             Origin             Length             Attributes
RAM              0x0000000020000000 0x0000000000003000 xrw
FLASH            0x0000000008000000 0x0000000000008000 xr
*default*        0x0000000000000000 0xffffffffffffffff

Linker script and memory map

LOAD C:/ST/STM32CubeIDE_1.0.2/STM32CubeIDE/plugins/com.st.stm32cube.ide.mcu.externaltools.gnu-tools-for-stm32.11.3.rel1.win32_1.1.1.202309131626/tools/bin/../lib/gcc/arm-none-eabi/11.3.1/thumb/v6-m/nofp/crti.o
LOAD C:/ST/STM32CubeIDE_1.0.2/STM32CubeIDE/plugins/com.st.stm32cube.ide.mcu.externaltools.gnu-tools-for-stm32.11.3.rel1.win32_1.1.1.202309131626/tools/bin/../lib/gcc/arm-none-eabi/11.3.1/thumb/v6-m/nofp/crtbegin.o
LOAD C:/ST/STM32CubeIDE_1.0.2/STM32CubeIDE/plugins/com.st.stm32cube.ide.mcu.externaltools.gnu-tools-for-stm32.11.3.rel1.win32_1.1.1.202309131626/tools/bin/../lib/gcc/arm-none-eabi/11.3.1/../../../../arm-none-eabi/lib/thumb/v6-m/nofp/crt0.o
LOAD ./Core/Src/ button.o
LOAD ./Core/Src/led.o
LOAD ./Core/Src/main.o
LOAD ./Core/Src/stm32c0xx_hal_msp.o
LOAD ./Core/Src/stm32c0xx_it.o
LOAD ./Core/Src/syscalls.o
LOAD ./Core/Src/sysmem.o
LOAD ./Core/Src/system_stm32c0xx.o
LOAD ./Core/Startup/startup_stm32c031c6tx.o
LOAD ./Drivers/STM32C0xx_HAL_Driver/Src/stm32c0xx_hal.o
LOAD ./Drivers/STM32C0xx_HAL_Driver/Src/stm32c0xx_hal_adc.o
LOAD ./Drivers/STM32C0xx_HAL_Driver/Src/stm32c0xx_hal_adc_ex.o
LOAD ./Drivers/STM32C0xx_HAL_Driver/Src/stm32c0xx_hal_cortex.o
LOAD ./Drivers/STM32C0xx_HAL_Driver/Src/stm32c0xx_hal_dma.o
LOAD ./Drivers/STM32C0xx_HAL_Driver/Src/stm32c0xx_hal_dma_ex.o
LOAD ./Drivers/STM32C0xx_HAL_Driver/Src/stm32c0xx_hal_exti.o
LOAD ./Drivers/STM32C0xx_HAL_Driver/Src/stm32c0xx_hal_flash.o
LOAD ./Drivers/STM32C0xx_HAL_Driver/Src/stm32c0xx_hal_flash_ex.o
LOAD ./Drivers/STM32C0xx_HAL_Driver/Src/stm32c0xx_hal_gpio.o
LOAD ./Drivers/STM32C0xx_HAL_Driver/Src/stm32c0xx_hal_i2c.o
LOAD ./Drivers/STM32C0xx_HAL_Driver/Src/stm32c0xx_hal_i2c_ex.o
LOAD ./Drivers/STM32C0xx_HAL_Driver/Src/stm32c0xx_hal_pwr.o
LOAD ./Drivers/STM32C0xx_HAL_Driver/Src/stm32c0xx_hal_pwr_ex.o
LOAD ./Drivers/STM32C0xx_HAL_Driver/Src/stm32c0xx_hal_rcc.o
LOAD ./Drivers/STM32C0xx_HAL_Driver/Src/stm32c0xx_hal_rcc_ex.o
LOAD ./Drivers/STM32C0xx_HAL_Driver/Src/stm32c0xx_hal_tim.o
LOAD ./Drivers/STM32C0xx_HAL_Driver/Src/stm32c0xx_hal_tim_ex.o
LOAD ./Drivers/STM32C0xx_HAL_Driver/Src/stm32c0xx_ll_dma.o
LOAD ./Drivers/STM32C0xx_HAL_Driver/Src/stm32c0xx_ll_exti.o
LOAD ./Drivers/STM32C0xx_HAL_Driver/Src/stm32c0xx_ll_gpio.o
LOAD ./Drivers/STM32C0xx_HAL_Driver/Src/stm32c0xx_ll_rcc.o
LOAD ./Drivers/STM32C0xx_HAL_Driver/Src/stm32c0xx_ll_utils.o
START GROUP
LOAD C:/ST/STM32CubeIDE_1.0.2/STM32CubeIDE/plugins/com.st.stm32cube.ide.mcu.externaltools.gnu-tools-for-stm32.11.3.rel1.win32_1.1.1.202309131626/tools/bin/../lib/gcc/arm-none-eabi/11.3.1/../../../../arm-none-eabi/lib/thumb/v6-m/nofp\libc_nano.a
LOAD C:/ST/STM32CubeIDE_1.0.2/STM32CubeIDE/plugins/com.st.stm32cube.ide.mcu.externaltools.gnu-tools-for-stm32.11.3.rel1.win32_1.1.1.202309131626/tools/bin/../lib/gcc/arm-none-eabi/11.3.1/../../../../arm-none-eabi/lib/thumb/v6-m/nofp\libm.a
END GROUP
START GROUP
LOAD C:/ST/STM32CubeIDE_1.0.2/STM32CubeIDE/plugins/com.st.stm32cube.ide.mcu.externaltools.gnu-tools-for-stm32.11.3.rel1.win32_1.1.1.202309131626/tools/bin/../lib/gcc/arm-none-eabi/11.3.1/thumb/v6-m/nofp\libgcc.a
LOAD C:/ST/STM32CubeIDE_1.0.2/STM32CubeIDE/plugins/com.st.stm32cube.ide.mcu.externaltools.gnu-tools-for-stm32.11.3.rel1.win32_1.1.1.202309131626/tools/bin/../lib/gcc/arm-none-eabi/11.3.1/../../../../arm-none-eabi/lib/thumb/v6-m/nofp\libc_nano.a
END GROUP
START GROUP
LOAD C:/ST/STM32CubeIDE_1.0.2/STM32CubeIDE/plugins/com.st.stm32cube.ide.mcu.externaltools.gnu-tools-for-stm32.11.3.rel1.win32_1.1.1.202309131626/tools/bin/../lib/gcc/arm-none-eabi/11.3.1/thumb/v6-m/nofp\libgcc.a
LOAD C:/ST/STM32CubeIDE_1.0.2/STM32CubeIDE/plugins/com.st.stm32cube.ide.mcu.externaltools.gnu-tools-for-stm32.11.3.rel1.win32_1.1.1.202309131626/tools/bin/../lib/gcc/arm-none-eabi/11.3.1/../../../../arm-none-eabi/lib/thumb/v6-m/nofp\libc_nano.a
LOAD C:/ST/STM32CubeIDE_1.0.2/STM32CubeIDE/plugins/com.st.stm32cube.ide.mcu.externaltools.gnu-tools-for-stm32.11.3.rel1.win32_1.1.1.202309131626/tools/bin/../lib/gcc/arm-none-eabi/11.3.1/../../../../arm-none-eabi/lib/thumb/v6-m/nofp\libnosys.a
END GROUP
START GROUP
LOAD C:/ST/STM32CubeIDE_1.0.2/STM32CubeIDE/plugins/com.st.stm32cube.ide.mcu.externaltools.gnu-tools-for-stm32.11.3.rel1.win32_1.1.1.202309131626/tools/bin/../lib/gcc/arm-none-eabi/11.3.1/thumb/v6-m/nofp\libgcc.a
LOAD C:/ST/STM32CubeIDE_1.0.2/STM32CubeIDE/plugins/com.st.stm32cube.ide.mcu.externaltools.gnu-tools-for-stm32.11.3.rel1.win32_1.1.1.202309131626/tools/bin/../lib/gcc/arm-none-eabi/11.3.1/../../../../arm-none-eabi/lib/thumb/v6-m/nofp\libc_nano.a
LOAD C:/ST/STM32CubeIDE_1.0.2/STM32CubeIDE/plugins/com.st.stm32cube.ide.mcu.externaltools.gnu-tools-for-stm32.11.3.rel1.win32_1.1.1.202309131626/tools/bin/../lib/gcc/arm-none-eabi/11.3.1/../../../../arm-none-eabi/lib/thumb/v6-m/nofp\libnosys.a
END GROUP
LOAD C:/ST/STM32CubeIDE_1.0.2/STM32CubeIDE/plugins/com.st.stm32cube.ide.mcu.externaltools.gnu-tools-for-stm32.11.3.rel1.win32_1.1.1.202309131626/tools/bin/../lib/gcc/arm-none-eabi/11.3.1/thumb/v6-m/nofp/crtend.o
LOAD C:/ST/STM32CubeIDE_1.0.2/STM32CubeIDE/plugins/com.st.stm32cube.ide.mcu.externaltools.gnu-tools-for-stm32.11.3.rel1.win32_1.1.1.202309131626/tools/bin/../lib/gcc/arm-none-eabi/11.3.1/thumb/v6-m/nofp/crtn.o
                0x0000000020003000                _estack = (ORIGIN (RAM) + LENGTH (RAM))
                0x0000000000000200                _Min_Heap_Size = 0x200
                0x0000000000000400                _Min_Stack_Size = 0x400

.isr_vector     0x0000000008000000       0xc0
                0x0000000008000000                . = ALIGN (0x4)
 *(.isr_vector)
 .isr_vector    0x0000000008000000       0xc0 ./Core/Startup/startup_stm32c031c6tx.o
                0x0000000008000000                g_pfnVectors
                0x00000000080000c0                . = ALIGN (0x4)

.text           0x00000000080000c0     0x4c20
                0x00000000080000c0                . = ALIGN (0x4)
 *(.text)
 .text          0x00000000080000c0       0x48 C:/ST/STM32CubeIDE_1.0.2/STM32CubeIDE/plugins/com.st.stm32cube.ide.mcu.externaltools.gnu-tools-for-stm32.11.3.rel1.win32_1.1.1.202309131626/tools/bin/../lib/gcc/arm-none-eabi/11.3.1/thumb/v6-m/nofp/crtbegin.o
 .text          0x0000000008000108      0x114 C:/ST/STM32CubeIDE_1.0.2/STM32CubeIDE/plugins/com.st.stm32cube.ide.mcu.externaltools.gnu-tools-for-stm32.11.3.rel1.win32_1.1.1.202309131626/tools/bin/../lib/gcc/arm-none-eabi/11.3.1/thumb/v6-m/nofp\libgcc.a(_udivsi3.o)
                0x0000000008000108                __aeabi_uidiv
                0x0000000008000108                __udivsi3
                0x0000000008000214                __aeabi_uidivmod
 .text          0x000000000800021c        0x4 C:/ST/STM32CubeIDE_1.0.2/STM32CubeIDE/plugins/com.st.stm32cube.ide.mcu.externaltools.gnu-tools-for-stm32.11.3.rel1.win32_1.1.1.202309131626/tools/bin/../lib/gcc/arm-none-eabi/11.3.1/thumb/v6-m/nofp\libgcc.a(_dvmd_tls.o)
                0x000000000800021c                __aeabi_idiv0
                0x000000000800021c                __aeabi_ldiv0
 .text          0x0000000008000220       0x3c C:/ST/STM32CubeIDE_1.0.2/STM32CubeIDE/plugins/com.st.stm32cube.ide.mcu.externaltools.gnu-tools-for-stm32.11.3.rel1.win32_1.1.1.202309131626/tools/bin/../lib/gcc/arm-none-eabi/11.3.1/thumb/v6-m/nofp\libgcc.a(_clzsi2.o)
                0x0000000008000220                __clzsi2
 .text          0x000000000800025c      0x5dc C:/ST/STM32CubeIDE_1.0.2/STM32CubeIDE/plugins/com.st.stm32cube.ide.mcu.externaltools.gnu-tools-for-stm32.11.3.rel1.win32_1.1.1.202309131626/tools/bin/../lib/gcc/arm-none-eabi/11.3.1/thumb/v6-m/nofp\libgcc.a(divdf3.o)
                0x000000000800025c                __aeabi_ddiv
 .text          0x0000000008000838      0x584 C:/ST/STM32CubeIDE_1.0.2/STM32CubeIDE/plugins/com.st.stm32cube.ide.mcu.externaltools.gnu-tools-for-stm32.11.3.rel1.win32_1.1.1.202309131626/tools/bin/../lib/gcc/arm-none-eabi/11.3.1/thumb/v6-m/nofp\libgcc.a(muldf3.o)
                0x0000000008000838                __aeabi_dmul
 .text          0x0000000008000dbc       0x4c C:/ST/STM32CubeIDE_1.0.2/STM32CubeIDE/plugins/com.st.stm32cube.ide.mcu.externaltools.gnu-tools-for-stm32.11.3.rel1.win32_1.1.1.202309131626/tools/bin/../lib/gcc/arm-none-eabi/11.3.1/thumb/v6-m/nofp\libgcc.a(floatunsidf.o)
                0x0000000008000dbc                __aeabi_ui2d
 .text          0x0000000008000e08      0x10c C:/ST/STM32CubeIDE_1.0.2/STM32CubeIDE/plugins/com.st.stm32cube.ide.mcu.externaltools.gnu-tools-for-stm32.11.3.rel1.win32_1.1.1.202309131626/tools/bin/../lib/gcc/arm-none-eabi/11.3.1/thumb/v6-m/nofp\libgcc.a(truncdfsf2.o)
                0x0000000008000e08                __aeabi_d2f
 *(.text*)
 .text.led_init
                0x0000000008000f14       0x38 ./Core/Src/led.o
                0x0000000008000f14                led_init
 .text.led_update
                0x0000000008000f4c      0x420 ./Core/Src/led.o
                0x0000000008000f4c                led_update
 .text.led_setON
                0x000000000800136c       0x24 ./Core/Src/led.o
                0x000000000800136c                led_setON
 .text.led_setOFF
                0x0000000008001390       0x24 ./Core/Src/led.o
                0x0000000008001390                led_setOFF
 .text.LL_AHB1_GRP1_EnableClock
                0x00000000080013b4       0x2c ./Core/Src/main.o
 .text.main     0x00000000080013e0      0x12c ./Core/Src/main.o
                0x00000000080013e0                main
 .text.SystemClock_Config
                0x000000000800150c       0x86 ./Core/Src/main.o
                0x000000000800150c                SystemClock_Config
 *fill*         0x0000000008001592        0x2 
 .text.MX_ADC1_Init
                0x0000000008001594       0xd4 ./Core/Src/main.o
 .text.MX_I2C1_Init
                0x0000000008001668       0x80 ./Core/Src/main.o
 .text.MX_TIM1_Init
                0x00000000080016e8       0xb8 ./Core/Src/main.o
 .text.MX_DMA_Init
                0x00000000080017a0       0x20 ./Core/Src/main.o
 .text.MX_GPIO_Init
                0x00000000080017c0      0x134 ./Core/Src/main.o
 .text.Error_Handler
                0x00000000080018f4        0xa ./Core/Src/main.o
                0x00000000080018f4                Error_Handler
 *fill*         0x00000000080018fe        0x2 
 .text.HAL_MspInit
                0x0000000008001900       0x48 ./Core/Src/stm32c0xx_hal_msp.o
                0x0000000008001900                HAL_MspInit
 .text.HAL_ADC_MspInit
                0x0000000008001948      0x114 ./Core/Src/stm32c0xx_hal_msp.o
                0x0000000008001948                HAL_ADC_MspInit
 .text.HAL_I2C_MspInit
                0x0000000008001a5c       0xc4 ./Core/Src/stm32c0xx_hal_msp.o
                0x0000000008001a5c                HAL_I2C_MspInit
 .text.HAL_TIM_Base_MspInit
                0x0000000008001b20       0x50 ./Core/Src/stm32c0xx_hal_msp.o
                0x0000000008001b20                HAL_TIM_Base_MspInit
 .text.NMI_Handler
                0x0000000008001b70        0x6 ./Core/Src/stm32c0xx_it.o
                0x0000000008001b70                NMI_Handler
 .text.HardFault_Handler
                0x0000000008001b76        0x6 ./Core/Src/stm32c0xx_it.o
                0x0000000008001b76                HardFault_Handler
 .text.SVC_Handler
                0x0000000008001b7c        0xa ./Core/Src/stm32c0xx_it.o
                0x0000000008001b7c                SVC_Handler
 .text.PendSV_Handler
                0x0000000008001b86        0xa ./Core/Src/stm32c0xx_it.o
                0x0000000008001b86                PendSV_Handler
 .text.SysTick_Handler
                0x0000000008001b90        0xe ./Core/Src/stm32c0xx_it.o
                0x0000000008001b90                SysTick_Handler
 .text.EXTI4_15_IRQHandler
                0x0000000008001b9e       0x28 ./Core/Src/stm32c0xx_it.o
                0x0000000008001b9e                EXTI4_15_IRQHandler
 *fill*         0x0000000008001bc6        0x2 
 .text.DMA1_Channel1_IRQHandler
                0x0000000008001bc8       0x18 ./Core/Src/stm32c0xx_it.o
                0x0000000008001bc8                DMA1_Channel1_IRQHandler
 .text.TIM1_BRK_UP_TRG_COM_IRQHandler
                0x0000000008001be0      0x110 ./Core/Src/stm32c0xx_it.o
                0x0000000008001be0                TIM1_BRK_UP_TRG_COM_IRQHandler
 .text.HAL_ADC_ConvCpltCallback
                0x0000000008001cf0       0xa4 ./Core/Src/stm32c0xx_it.o
                0x0000000008001cf0                HAL_ADC_ConvCpltCallback
 .text.HAL_GPIO_EXTI_Falling_Callback
                0x0000000008001d94       0x50 ./Core/Src/stm32c0xx_it.o
                0x0000000008001d94                HAL_GPIO_EXTI_Falling_Callback
 .text.SystemInit
                0x0000000008001de4       0x18 ./Core/Src/system_stm32c0xx.o
                0x0000000008001de4                SystemInit
 .text.Reset_Handler
                0x0000000008001dfc       0x50 ./Core/Startup/startup_stm32c031c6tx.o
                0x0000000008001dfc                Reset_Handler
 .text.Default_Handler
                0x0000000008001e4c        0x2 ./Core/Startup/startup_stm32c031c6tx.o
                0x0000000008001e4c                TIM1_CC_IRQHandler
                0x0000000008001e4c                I2C1_IRQHandler
                0x0000000008001e4c                DMAMUX1_IRQHandler
                0x0000000008001e4c                SPI1_IRQHandler
                0x0000000008001e4c                EXTI2_3_IRQHandler
                0x0000000008001e4c                ADC1_IRQHandler
                0x0000000008001e4c                TIM17_IRQHandler
                0x0000000008001e4c                RTC_IRQHandler
                0x0000000008001e4c                TIM16_IRQHandler
                0x0000000008001e4c                TIM3_IRQHandler
                0x0000000008001e4c                RCC_IRQHandler
                0x0000000008001e4c                Default_Handler
                0x0000000008001e4c                TIM14_IRQHandler
                0x0000000008001e4c                EXTI0_1_IRQHandler
                0x0000000008001e4c                WWDG_IRQHandler
                0x0000000008001e4c                DMA1_Channel2_3_IRQHandler
                0x0000000008001e4c                USART2_IRQHandler
                0x0000000008001e4c                FLASH_IRQHandler
                0x0000000008001e4c                USART1_IRQHandler
 .text.HAL_Init
                0x0000000008001e4e       0x2e ./Drivers/STM32C0xx_HAL_Driver/Src/stm32c0xx_hal.o
                0x0000000008001e4e                HAL_Init
 .text.HAL_InitTick
                0x0000000008001e7c       0x94 ./Drivers/STM32C0xx_HAL_Driver/Src/stm32c0xx_hal.o
                0x0000000008001e7c                HAL_InitTick
 .text.HAL_IncTick
                0x0000000008001f10       0x24 ./Drivers/STM32C0xx_HAL_Driver/Src/stm32c0xx_hal.o
                0x0000000008001f10                HAL_IncTick
 .text.HAL_GetTick
                0x0000000008001f34       0x14 ./Drivers/STM32C0xx_HAL_Driver/Src/stm32c0xx_hal.o
                0x0000000008001f34                HAL_GetTick
 .text.LL_ADC_SetCommonPathInternalCh
                0x0000000008001f48       0x28 ./Drivers/STM32C0xx_HAL_Driver/Src/stm32c0xx_hal_adc.o
 .text.LL_ADC_GetCommonPathInternalCh
                0x0000000008001f70       0x1a ./Drivers/STM32C0xx_HAL_Driver/Src/stm32c0xx_hal_adc.o
 .text.LL_ADC_SetSamplingTimeCommonChannels
                0x0000000008001f8a       0x3a ./Drivers/STM32C0xx_HAL_Driver/Src/stm32c0xx_hal_adc.o
 .text.LL_ADC_GetSamplingTimeCommonChannels
                0x0000000008001fc4       0x2e ./Drivers/STM32C0xx_HAL_Driver/Src/stm32c0xx_hal_adc.o
 .text.LL_ADC_REG_IsTriggerSourceSWStart
                0x0000000008001ff2       0x22 ./Drivers/STM32C0xx_HAL_Driver/Src/stm32c0xx_hal_adc.o
 .text.LL_ADC_REG_SetSequencerRanks
                0x0000000008002014       0x40 ./Drivers/STM32C0xx_HAL_Driver/Src/stm32c0xx_hal_adc.o
 .text.LL_ADC_REG_SetSequencerChAdd
                0x0000000008002054       0x22 ./Drivers/STM32C0xx_HAL_Driver/Src/stm32c0xx_hal_adc.o
 .text.LL_ADC_REG_SetSequencerChRem
                0x0000000008002076       0x24 ./Drivers/STM32C0xx_HAL_Driver/Src/stm32c0xx_hal_adc.o
 *fill*         0x000000000800209a        0x2 
 .text.LL_ADC_SetChannelSamplingTime
                0x000000000800209c       0x38 ./Drivers/STM32C0xx_HAL_Driver/Src/stm32c0xx_hal_adc.o
 .text.LL_ADC_EnableInternalRegulator
                0x00000000080020d4       0x28 ./Drivers/STM32C0xx_HAL_Driver/Src/stm32c0xx_hal_adc.o
 .text.LL_ADC_IsInternalRegulatorEnabled
                0x00000000080020fc       0x28 ./Drivers/STM32C0xx_HAL_Driver/Src/stm32c0xx_hal_adc.o
 .text.LL_ADC_Enable
                0x0000000008002124       0x24 ./Drivers/STM32C0xx_HAL_Driver/Src/stm32c0xx_hal_adc.o
 .text.LL_ADC_Disable
                0x0000000008002148       0x24 ./Drivers/STM32C0xx_HAL_Driver/Src/stm32c0xx_hal_adc.o
 .text.LL_ADC_IsEnabled
                0x000000000800216c       0x22 ./Drivers/STM32C0xx_HAL_Driver/Src/stm32c0xx_hal_adc.o
 .text.LL_ADC_IsDisableOngoing
                0x000000000800218e       0x22 ./Drivers/STM32C0xx_HAL_Driver/Src/stm32c0xx_hal_adc.o
 .text.LL_ADC_REG_StartConversion
                0x00000000080021b0       0x24 ./Drivers/STM32C0xx_HAL_Driver/Src/stm32c0xx_hal_adc.o
 .text.LL_ADC_REG_StopConversion
                0x00000000080021d4       0x24 ./Drivers/STM32C0xx_HAL_Driver/Src/stm32c0xx_hal_adc.o
 .text.LL_ADC_REG_IsConversionOngoing
                0x00000000080021f8       0x22 ./Drivers/STM32C0xx_HAL_Driver/Src/stm32c0xx_hal_adc.o
 *fill*         0x000000000800221a        0x2 
 .text.HAL_ADC_Init
                0x000000000800221c      0x34c ./Drivers/STM32C0xx_HAL_Driver/Src/stm32c0xx_hal_adc.o
                0x000000000800221c                HAL_ADC_Init
 .text.HAL_ADC_Start_IT
                0x0000000008002568       0xf0 ./Drivers/STM32C0xx_HAL_Driver/Src/stm32c0xx_hal_adc.o
                0x0000000008002568                HAL_ADC_Start_IT
 .text.HAL_ADC_Stop_IT
                0x0000000008002658       0x8c ./Drivers/STM32C0xx_HAL_Driver/Src/stm32c0xx_hal_adc.o
                0x0000000008002658                HAL_ADC_Stop_IT
 .text.HAL_ADC_Start_DMA
                0x00000000080026e4      0x11c ./Drivers/STM32C0xx_HAL_Driver/Src/stm32c0xx_hal_adc.o
                0x00000000080026e4                HAL_ADC_Start_DMA
 .text.HAL_ADC_ConvHalfCpltCallback
                0x0000000008002800       0x10 ./Drivers/STM32C0xx_HAL_Driver/Src/stm32c0xx_hal_adc.o
                0x0000000008002800                HAL_ADC_ConvHalfCpltCallback
 .text.HAL_ADC_ErrorCallback
                0x0000000008002810       0x10 ./Drivers/STM32C0xx_HAL_Driver/Src/stm32c0xx_hal_adc.o
                0x0000000008002810                HAL_ADC_ErrorCallback
 .text.HAL_ADC_ConfigChannel
                0x0000000008002820      0x3ac ./Drivers/STM32C0xx_HAL_Driver/Src/stm32c0xx_hal_adc.o
                0x0000000008002820                HAL_ADC_ConfigChannel
 .text.ADC_ConversionStop
                0x0000000008002bcc       0x78 ./Drivers/STM32C0xx_HAL_Driver/Src/stm32c0xx_hal_adc.o
                0x0000000008002bcc                ADC_ConversionStop
 .text.ADC_Enable
                0x0000000008002c44       0xfc ./Drivers/STM32C0xx_HAL_Driver/Src/stm32c0xx_hal_adc.o
                0x0000000008002c44                ADC_Enable
 .text.ADC_Disable
                0x0000000008002d40       0xb0 ./Drivers/STM32C0xx_HAL_Driver/Src/stm32c0xx_hal_adc.o
                0x0000000008002d40                ADC_Disable
 .text.ADC_DMAConvCplt
                0x0000000008002df0       0xc8 ./Drivers/STM32C0xx_HAL_Driver/Src/stm32c0xx_hal_adc.o
 .text.ADC_DMAHalfConvCplt
                0x0000000008002eb8       0x1e ./Drivers/STM32C0xx_HAL_Driver/Src/stm32c0xx_hal_adc.o
 .text.ADC_DMAError
                0x0000000008002ed6       0x36 ./Drivers/STM32C0xx_HAL_Driver/Src/stm32c0xx_hal_adc.o
 .text.__NVIC_EnableIRQ
                0x0000000008002f0c       0x34 ./Drivers/STM32C0xx_HAL_Driver/Src/stm32c0xx_hal_cortex.o
 .text.__NVIC_SetPriority
                0x0000000008002f40       0xdc ./Drivers/STM32C0xx_HAL_Driver/Src/stm32c0xx_hal_cortex.o
 .text.SysTick_Config
                0x000000000800301c       0x48 ./Drivers/STM32C0xx_HAL_Driver/Src/stm32c0xx_hal_cortex.o
 .text.HAL_NVIC_SetPriority
                0x0000000008003064       0x2a ./Drivers/STM32C0xx_HAL_Driver/Src/stm32c0xx_hal_cortex.o
                0x0000000008003064                HAL_NVIC_SetPriority
 .text.HAL_NVIC_EnableIRQ
                0x000000000800308e       0x20 ./Drivers/STM32C0xx_HAL_Driver/Src/stm32c0xx_hal_cortex.o
                0x000000000800308e                HAL_NVIC_EnableIRQ
 .text.HAL_SYSTICK_Config
                0x00000000080030ae       0x1a ./Drivers/STM32C0xx_HAL_Driver/Src/stm32c0xx_hal_cortex.o
                0x00000000080030ae                HAL_SYSTICK_Config
 .text.HAL_DMA_Init
                0x00000000080030c8      0x114 ./Drivers/STM32C0xx_HAL_Driver/Src/stm32c0xx_hal_dma.o
                0x00000000080030c8                HAL_DMA_Init
 .text.HAL_DMA_Start_IT
                0x00000000080031dc      0x10e ./Drivers/STM32C0xx_HAL_Driver/Src/stm32c0xx_hal_dma.o
                0x00000000080031dc                HAL_DMA_Start_IT
 *fill*         0x00000000080032ea        0x2 
 .text.HAL_DMA_IRQHandler
                0x00000000080032ec      0x164 ./Drivers/STM32C0xx_HAL_Driver/Src/stm32c0xx_hal_dma.o
                0x00000000080032ec                HAL_DMA_IRQHandler
 .text.DMA_SetConfig
                0x0000000008003450       0x80 ./Drivers/STM32C0xx_HAL_Driver/Src/stm32c0xx_hal_dma.o
 .text.DMA_CalcDMAMUXChannelBaseAndMask
                0x00000000080034d0       0x58 ./Drivers/STM32C0xx_HAL_Driver/Src/stm32c0xx_hal_dma.o
 .text.DMA_CalcDMAMUXRequestGenBaseAndMask
                0x0000000008003528       0x48 ./Drivers/STM32C0xx_HAL_Driver/Src/stm32c0xx_hal_dma.o
 .text.HAL_GPIO_Init
                0x0000000008003570      0x2e4 ./Drivers/STM32C0xx_HAL_Driver/Src/stm32c0xx_hal_gpio.o
                0x0000000008003570                HAL_GPIO_Init
 .text.HAL_GPIO_ReadPin
                0x0000000008003854       0x3a ./Drivers/STM32C0xx_HAL_Driver/Src/stm32c0xx_hal_gpio.o
                0x0000000008003854                HAL_GPIO_ReadPin
 .text.HAL_GPIO_WritePin
                0x000000000800388e       0x3a ./Drivers/STM32C0xx_HAL_Driver/Src/stm32c0xx_hal_gpio.o
                0x000000000800388e                HAL_GPIO_WritePin
 .text.HAL_GPIO_TogglePin
                0x00000000080038c8       0x36 ./Drivers/STM32C0xx_HAL_Driver/Src/stm32c0xx_hal_gpio.o
                0x00000000080038c8                HAL_GPIO_TogglePin
 *fill*         0x00000000080038fe        0x2 
 .text.HAL_GPIO_EXTI_IRQHandler
                0x0000000008003900       0x54 ./Drivers/STM32C0xx_HAL_Driver/Src/stm32c0xx_hal_gpio.o
                0x0000000008003900                HAL_GPIO_EXTI_IRQHandler
 .text.HAL_GPIO_EXTI_Rising_Callback
                0x0000000008003954       0x14 ./Drivers/STM32C0xx_HAL_Driver/Src/stm32c0xx_hal_gpio.o
                0x0000000008003954                HAL_GPIO_EXTI_Rising_Callback
 .text.HAL_I2C_Init
                0x0000000008003968      0x14c ./Drivers/STM32C0xx_HAL_Driver/Src/stm32c0xx_hal_i2c.o
                0x0000000008003968                HAL_I2C_Init
 .text.HAL_I2CEx_ConfigAnalogFilter
                0x0000000008003ab4       0x98 ./Drivers/STM32C0xx_HAL_Driver/Src/stm32c0xx_hal_i2c_ex.o
                0x0000000008003ab4                HAL_I2CEx_ConfigAnalogFilter
 .text.HAL_I2CEx_ConfigDigitalFilter
                0x0000000008003b4c       0x98 ./Drivers/STM32C0xx_HAL_Driver/Src/stm32c0xx_hal_i2c_ex.o
                0x0000000008003b4c                HAL_I2CEx_ConfigDigitalFilter
 .text.HAL_RCC_OscConfig
                0x0000000008003be4      0x3c8 ./Drivers/STM32C0xx_HAL_Driver/Src/stm32c0xx_hal_rcc.o
                0x0000000008003be4                HAL_RCC_OscConfig
 .text.HAL_RCC_ClockConfig
                0x0000000008003fac      0x214 ./Drivers/STM32C0xx_HAL_Driver/Src/stm32c0xx_hal_rcc.o
                0x0000000008003fac                HAL_RCC_ClockConfig
 .text.HAL_RCC_GetSysClockFreq
                0x00000000080041c0       0x84 ./Drivers/STM32C0xx_HAL_Driver/Src/stm32c0xx_hal_rcc.o
                0x00000000080041c0                HAL_RCC_GetSysClockFreq
 .text.HAL_RCCEx_PeriphCLKConfig
                0x0000000008004244      0x1dc ./Drivers/STM32C0xx_HAL_Driver/Src/stm32c0xx_hal_rcc_ex.o
                0x0000000008004244                HAL_RCCEx_PeriphCLKConfig
 .text.HAL_TIM_Base_Init
                0x0000000008004420       0xb0 ./Drivers/STM32C0xx_HAL_Driver/Src/stm32c0xx_hal_tim.o
                0x0000000008004420                HAL_TIM_Base_Init
 .text.HAL_TIM_Base_Start_IT
                0x00000000080044d0       0x9c ./Drivers/STM32C0xx_HAL_Driver/Src/stm32c0xx_hal_tim.o
                0x00000000080044d0                HAL_TIM_Base_Start_IT
 .text.HAL_TIM_IRQHandler
                0x000000000800456c      0x204 ./Drivers/STM32C0xx_HAL_Driver/Src/stm32c0xx_hal_tim.o
                0x000000000800456c                HAL_TIM_IRQHandler
 .text.HAL_TIM_ConfigClockSource
                0x0000000008004770      0x1ac ./Drivers/STM32C0xx_HAL_Driver/Src/stm32c0xx_hal_tim.o
                0x0000000008004770                HAL_TIM_ConfigClockSource
 .text.HAL_TIM_PeriodElapsedCallback
                0x000000000800491c       0x10 ./Drivers/STM32C0xx_HAL_Driver/Src/stm32c0xx_hal_tim.o
                0x000000000800491c                HAL_TIM_PeriodElapsedCallback
 .text.HAL_TIM_OC_DelayElapsedCallback
                0x000000000800492c       0x10 ./Drivers/STM32C0xx_HAL_Driver/Src/stm32c0xx_hal_tim.o
                0x000000000800492c                HAL_TIM_OC_DelayElapsedCallback
 .text.HAL_TIM_IC_CaptureCallback
                0x000000000800493c       0x10 ./Drivers/STM32C0xx_HAL_Driver/Src/stm32c0xx_hal_tim.o
                0x000000000800493c                HAL_TIM_IC_CaptureCallback
 .text.HAL_TIM_PWM_PulseFinishedCallback
                0x000000000800494c       0x10 ./Drivers/STM32C0xx_HAL_Driver/Src/stm32c0xx_hal_tim.o
                0x000000000800494c                HAL_TIM_PWM_PulseFinishedCallback
 .text.HAL_TIM_TriggerCallback
                0x000000000800495c       0x10 ./Drivers/STM32C0xx_HAL_Driver/Src/stm32c0xx_hal_tim.o
                0x000000000800495c                HAL_TIM_TriggerCallback
 .text.TIM_Base_SetConfig
                0x000000000800496c       0xd8 ./Drivers/STM32C0xx_HAL_Driver/Src/stm32c0xx_hal_tim.o
                0x000000000800496c                TIM_Base_SetConfig
 .text.TIM_TI1_ConfigInputStage
                0x0000000008004a44       0x5c ./Drivers/STM32C0xx_HAL_Driver/Src/stm32c0xx_hal_tim.o
 .text.TIM_TI2_ConfigInputStage
                0x0000000008004aa0       0x64 ./Drivers/STM32C0xx_HAL_Driver/Src/stm32c0xx_hal_tim.o
 .text.TIM_ITRx_SetConfig
                0x0000000008004b04       0x38 ./Drivers/STM32C0xx_HAL_Driver/Src/stm32c0xx_hal_tim.o
 .text.TIM_ETR_SetConfig
                0x0000000008004b3c       0x40 ./Drivers/STM32C0xx_HAL_Driver/Src/stm32c0xx_hal_tim.o
                0x0000000008004b3c                TIM_ETR_SetConfig
 .text.HAL_TIMEx_MasterConfigSynchronization
                0x0000000008004b7c       0xc4 ./Drivers/STM32C0xx_HAL_Driver/Src/stm32c0xx_hal_tim_ex.o
                0x0000000008004b7c                HAL_TIMEx_MasterConfigSynchronization
 .text.HAL_TIMEx_CommutCallback
                0x0000000008004c40       0x10 ./Drivers/STM32C0xx_HAL_Driver/Src/stm32c0xx_hal_tim_ex.o
                0x0000000008004c40                HAL_TIMEx_CommutCallback
 .text.HAL_TIMEx_BreakCallback
                0x0000000008004c50       0x10 ./Drivers/STM32C0xx_HAL_Driver/Src/stm32c0xx_hal_tim_ex.o
                0x0000000008004c50                HAL_TIMEx_BreakCallback
 .text.HAL_TIMEx_Break2Callback
                0x0000000008004c60       0x10 ./Drivers/STM32C0xx_HAL_Driver/Src/stm32c0xx_hal_tim_ex.o
                0x0000000008004c60                HAL_TIMEx_Break2Callback
 .text.memset   0x0000000008004c70       0x10 C:/ST/STM32CubeIDE_1.0.2/STM32CubeIDE/plugins/com.st.stm32cube.ide.mcu.externaltools.gnu-tools-for-stm32.11.3.rel1.win32_1.1.1.202309131626/tools/bin/../lib/gcc/arm-none-eabi/11.3.1/../../../../arm-none-eabi/lib/thumb/v6-m/nofp\libc_nano.a(libc_a-memset.o)
                0x0000000008004c70                memset
 .text.__libc_init_array
                0x0000000008004c80       0x48 C:/ST/STM32CubeIDE_1.0.2/STM32CubeIDE/plugins/com.st.stm32cube.ide.mcu.externaltools.gnu-tools-for-stm32.11.3.rel1.win32_1.1.1.202309131626/tools/bin/../lib/gcc/arm-none-eabi/11.3.1/../../../../arm-none-eabi/lib/thumb/v6-m/nofp\libc_nano.a(libc_a-init.o)
                0x0000000008004c80                __libc_init_array
 *(.glue_7)
 .glue_7        0x0000000008004cc8        0x0 linker stubs
 *(.glue_7t)
 .glue_7t       0x0000000008004cc8        0x0 linker stubs
 *(.eh_frame)
 .eh_frame      0x0000000008004cc8        0x0 C:/ST/STM32CubeIDE_1.0.2/STM32CubeIDE/plugins/com.st.stm32cube.ide.mcu.externaltools.gnu-tools-for-stm32.11.3.rel1.win32_1.1.1.202309131626/tools/bin/../lib/gcc/arm-none-eabi/11.3.1/thumb/v6-m/nofp/crtbegin.o
 *(.init)
 .init          0x0000000008004cc8        0x4 C:/ST/STM32CubeIDE_1.0.2/STM32CubeIDE/plugins/com.st.stm32cube.ide.mcu.externaltools.gnu-tools-for-stm32.11.3.rel1.win32_1.1.1.202309131626/tools/bin/../lib/gcc/arm-none-eabi/11.3.1/thumb/v6-m/nofp/crti.o
                0x0000000008004cc8                _init
 .init          0x0000000008004ccc        0x8 C:/ST/STM32CubeIDE_1.0.2/STM32CubeIDE/plugins/com.st.stm32cube.ide.mcu.externaltools.gnu-tools-for-stm32.11.3.rel1.win32_1.1.1.202309131626/tools/bin/../lib/gcc/arm-none-eabi/11.3.1/thumb/v6-m/nofp/crtn.o
 *(.fini)
 .fini          0x0000000008004cd4        0x4 C:/ST/STM32CubeIDE_1.0.2/STM32CubeIDE/plugins/com.st.stm32cube.ide.mcu.externaltools.gnu-tools-for-stm32.11.3.rel1.win32_1.1.1.202309131626/tools/bin/../lib/gcc/arm-none-eabi/11.3.1/thumb/v6-m/nofp/crti.o
                0x0000000008004cd4                _fini
 .fini          0x0000000008004cd8        0x8 C:/ST/STM32CubeIDE_1.0.2/STM32CubeIDE/plugins/com.st.stm32cube.ide.mcu.externaltools.gnu-tools-for-stm32.11.3.rel1.win32_1.1.1.202309131626/tools/bin/../lib/gcc/arm-none-eabi/11.3.1/thumb/v6-m/nofp/crtn.o
                0x0000000008004ce0                . = ALIGN (0x4)
                0x0000000008004ce0                _etext = .

.vfp11_veneer   0x0000000008004ce0        0x0
 .vfp11_veneer  0x0000000008004ce0        0x0 linker stubs

.v4_bx          0x0000000008004ce0        0x0
 .v4_bx         0x0000000008004ce0        0x0 linker stubs

.iplt           0x0000000008004ce0        0x0
 .iplt          0x0000000008004ce0        0x0 C:/ST/STM32CubeIDE_1.0.2/STM32CubeIDE/plugins/com.st.stm32cube.ide.mcu.externaltools.gnu-tools-for-stm32.11.3.rel1.win32_1.1.1.202309131626/tools/bin/../lib/gcc/arm-none-eabi/11.3.1/thumb/v6-m/nofp/crtbegin.o

.rodata         0x0000000008004ce0       0xd8
                0x0000000008004ce0                . = ALIGN (0x4)
 *(.rodata)
 .rodata        0x0000000008004ce0       0x37 ./Core/Src/main.o
 *fill*         0x0000000008004d17        0x1 
 .rodata        0x0000000008004d18       0x40 C:/ST/STM32CubeIDE_1.0.2/STM32CubeIDE/plugins/com.st.stm32cube.ide.mcu.externaltools.gnu-tools-for-stm32.11.3.rel1.win32_1.1.1.202309131626/tools/bin/../lib/gcc/arm-none-eabi/11.3.1/thumb/v6-m/nofp\libgcc.a(divdf3.o)
 *(.rodata*)
 .rodata.led_update
                0x0000000008004d58       0x20 ./Core/Src/led.o
 .rodata.AHBPrescTable
                0x0000000008004d78       0x40 ./Core/Src/system_stm32c0xx.o
                0x0000000008004d78                AHBPrescTable
                0x0000000008004db8                . = ALIGN (0x4)

.rel.dyn        0x0000000008004db8        0x0
 .rel.iplt      0x0000000008004db8        0x0 C:/ST/STM32CubeIDE_1.0.2/STM32CubeIDE/plugins/com.st.stm32cube.ide.mcu.externaltools.gnu-tools-for-stm32.11.3.rel1.win32_1.1.1.202309131626/tools/bin/../lib/gcc/arm-none-eabi/11.3.1/thumb/v6-m/nofp/crtbegin.o

.ARM.extab      0x0000000008004db8        0x0
                0x0000000008004db8                . = ALIGN (0x4)
 *(.ARM.extab* .gnu.linkonce.armextab.*)
                0x0000000008004db8                . = ALIGN (0x4)

.ARM            0x0000000008004db8        0x0
                0x0000000008004db8                . = ALIGN (0x4)
                0x0000000008004db8                __exidx_start = .
 *(.ARM.exidx*)
                0x0000000008004db8                __exidx_end = .
                0x0000000008004db8                . = ALIGN (0x4)

.preinit_array  0x0000000008004db8        0x0
                0x0000000008004db8                . = ALIGN (0x4)
                0x0000000008004db8                PROVIDE (__preinit_array_start = .)
 *(.preinit_array*)
                0x0000000008004db8                PROVIDE (__preinit_array_end = .)
                0x0000000008004db8                . = ALIGN (0x4)

.init_array     0x0000000008004db8        0x4
                0x0000000008004db8                . = ALIGN (0x4)
                0x0000000008004db8                PROVIDE (__init_array_start = .)
 *(SORT_BY_NAME(.init_array.*))
 *(.init_array*)
 .init_array    0x0000000008004db8        0x4 C:/ST/STM32CubeIDE_1.0.2/STM32CubeIDE/plugins/com.st.stm32cube.ide.mcu.externaltools.gnu-tools-for-stm32.11.3.rel1.win32_1.1.1.202309131626/tools/bin/../lib/gcc/arm-none-eabi/11.3.1/thumb/v6-m/nofp/crtbegin.o
                0x0000000008004dbc                PROVIDE (__init_array_end = .)
                0x0000000008004dbc                . = ALIGN (0x4)

.fini_array     0x0000000008004dbc        0x4
                0x0000000008004dbc                . = ALIGN (0x4)
                [!provide]                        PROVIDE (__fini_array_start = .)
 *(SORT_BY_NAME(.fini_array.*))
 *(.fini_array*)
 .fini_array    0x0000000008004dbc        0x4 C:/ST/STM32CubeIDE_1.0.2/STM32CubeIDE/plugins/com.st.stm32cube.ide.mcu.externaltools.gnu-tools-for-stm32.11.3.rel1.win32_1.1.1.202309131626/tools/bin/../lib/gcc/arm-none-eabi/11.3.1/thumb/v6-m/nofp/crtbegin.o
                [!provide]                        PROVIDE (__fini_array_end = .)
                0x0000000008004dc0                . = ALIGN (0x4)
                0x0000000008004dc0                _sidata = LOADADDR (.data)

.data           0x0000000020000000       0x68 load address 0x0000000008004dc0
                0x0000000020000000                . = ALIGN (0x4)
                0x0000000020000000                _sdata = .
 *(.data)
 *(.data*)
 .data.LED_mapping
                0x0000000020000000        0x6 ./Core/Src/led.o
                0x0000000020000000                LED_mapping
 *fill*         0x0000000020000006        0x2 
 .data.dia      0x0000000020000008       0x20 ./Core/Src/main.o
                0x0000000020000008                dia
 .data.ptr_dia  0x0000000020000028        0x4 ./Core/Src/main.o
                0x0000000020000028                ptr_dia
 .data.Channel_0
                0x000000002000002c       0x18 ./Core/Src/main.o
                0x000000002000002c                Channel_0
 .data.Channel_1
                0x0000000020000044       0x18 ./Core/Src/main.o
                0x0000000020000044                Channel_1
 .data.SystemCoreClock
                0x000000002000005c        0x4 ./Core/Src/system_stm32c0xx.o
                0x000000002000005c                SystemCoreClock
 .data.uwTickPrio
                0x0000000020000060        0x4 ./Drivers/STM32C0xx_HAL_Driver/Src/stm32c0xx_hal.o
                0x0000000020000060                uwTickPrio
 .data.uwTickFreq
                0x0000000020000064        0x1 ./Drivers/STM32C0xx_HAL_Driver/Src/stm32c0xx_hal.o
                0x0000000020000064                uwTickFreq
 *(.RamFunc)
 *(.RamFunc*)
                0x0000000020000068                . = ALIGN (0x4)
 *fill*         0x0000000020000065        0x3 
                0x0000000020000068                _edata = .

.igot.plt       0x0000000020000068        0x0 load address 0x0000000008004e28
 .igot.plt      0x0000000020000068        0x0 C:/ST/STM32CubeIDE_1.0.2/STM32CubeIDE/plugins/com.st.stm32cube.ide.mcu.externaltools.gnu-tools-for-stm32.11.3.rel1.win32_1.1.1.202309131626/tools/bin/../lib/gcc/arm-none-eabi/11.3.1/thumb/v6-m/nofp/crtbegin.o
                0x0000000020000068                . = ALIGN (0x4)

.bss            0x0000000020000068      0x1cc load address 0x0000000008004e28
                0x0000000020000068                _sbss = .
                0x0000000020000068                __bss_start__ = _sbss
 *(.bss)
 .bss           0x0000000020000068       0x1c C:/ST/STM32CubeIDE_1.0.2/STM32CubeIDE/plugins/com.st.stm32cube.ide.mcu.externaltools.gnu-tools-for-stm32.11.3.rel1.win32_1.1.1.202309131626/tools/bin/../lib/gcc/arm-none-eabi/11.3.1/thumb/v6-m/nofp/crtbegin.o
 *(.bss*)
 .bss.LEDs      0x0000000020000084        0x3 ./Core/Src/led.o
 *fill*         0x0000000020000087        0x1 
 .bss.hadc1     0x0000000020000088       0x64 ./Core/Src/main.o
                0x0000000020000088                hadc1
 .bss.hdma_adc1
                0x00000000200000ec       0x5c ./Core/Src/main.o
                0x00000000200000ec                hdma_adc1
 .bss.hi2c1     0x0000000020000148       0x54 ./Core/Src/main.o
                0x0000000020000148                hi2c1
 .bss.htim1     0x000000002000019c       0x4c ./Core/Src/main.o
                0x000000002000019c                htim1
 .bss.adc_buffer
                0x00000000200001e8       0x28 ./Core/Src/stm32c0xx_it.o
                0x00000000200001e8                adc_buffer
 .bss.counterButton
                0x0000000020000210        0x4 ./Core/Src/stm32c0xx_it.o
                0x0000000020000210                counterButton
 .bss.media     0x0000000020000214        0x4 ./Core/Src/stm32c0xx_it.o
                0x0000000020000214                media
 .bss.timer1Sec
                0x0000000020000218        0x4 ./Core/Src/stm32c0xx_it.o
                0x0000000020000218                timer1Sec
 .bss.fastTick  0x000000002000021c        0x4 ./Core/Src/stm32c0xx_it.o
                0x000000002000021c                fastTick
 .bss.ultraTick
                0x0000000020000220        0x4 ./Core/Src/stm32c0xx_it.o
                0x0000000020000220                ultraTick
 .bss.slowTick  0x0000000020000224        0x4 ./Core/Src/stm32c0xx_it.o
                0x0000000020000224                slowTick
 .bss.flashTick
                0x0000000020000228        0x4 ./Core/Src/stm32c0xx_it.o
                0x0000000020000228                flashTick
 .bss.voltage   0x000000002000022c        0x4 ./Core/Src/stm32c0xx_it.o
                0x000000002000022c                voltage
 .bss.uwTick    0x0000000020000230        0x4 ./Drivers/STM32C0xx_HAL_Driver/Src/stm32c0xx_hal.o
                0x0000000020000230                uwTick
 *(COMMON)
                0x0000000020000234                . = ALIGN (0x4)
                0x0000000020000234                _ebss = .
                0x0000000020000234                __bss_end__ = _ebss

._user_heap_stack
                0x0000000020000234      0x604 load address 0x0000000008004e28
                0x0000000020000238                . = ALIGN (0x8)
 *fill*         0x0000000020000234        0x4 
                [!provide]                        PROVIDE (end = .)
                0x0000000020000238                PROVIDE (_end = .)
                0x0000000020000438                . = (. + _Min_Heap_Size)
 *fill*         0x0000000020000238      0x200 
                0x0000000020000838                . = (. + _Min_Stack_Size)
 *fill*         0x0000000020000438      0x400 
                0x0000000020000838                . = ALIGN (0x8)

/DISCARD/
 libc.a(*)
 libm.a(*)
 libgcc.a(*)

.ARM.attributes
                0x0000000000000000       0x28
 *(.ARM.attributes)
 .ARM.attributes
                0x0000000000000000       0x1e C:/ST/STM32CubeIDE_1.0.2/STM32CubeIDE/plugins/com.st.stm32cube.ide.mcu.externaltools.gnu-tools-for-stm32.11.3.rel1.win32_1.1.1.202309131626/tools/bin/../lib/gcc/arm-none-eabi/11.3.1/thumb/v6-m/nofp/crti.o
 .ARM.attributes
                0x000000000000001e       0x2c C:/ST/STM32CubeIDE_1.0.2/STM32CubeIDE/plugins/com.st.stm32cube.ide.mcu.externaltools.gnu-tools-for-stm32.11.3.rel1.win32_1.1.1.202309131626/tools/bin/../lib/gcc/arm-none-eabi/11.3.1/thumb/v6-m/nofp/crtbegin.o
 .ARM.attributes
                0x000000000000004a       0x2c ./Core/Src/led.o
 .ARM.attributes
                0x0000000000000076       0x2c ./Core/Src/main.o
 .ARM.attributes
                0x00000000000000a2       0x2c ./Core/Src/stm32c0xx_hal_msp.o
 .ARM.attributes
                0x00000000000000ce       0x2c ./Core/Src/stm32c0xx_it.o
 .ARM.attributes
                0x00000000000000fa       0x2c ./Core/Src/system_stm32c0xx.o
 .ARM.attributes
                0x0000000000000126       0x22 ./Core/Startup/startup_stm32c031c6tx.o
 .ARM.attributes
                0x0000000000000148       0x2c ./Drivers/STM32C0xx_HAL_Driver/Src/stm32c0xx_hal.o
 .ARM.attributes
                0x0000000000000174       0x2c ./Drivers/STM32C0xx_HAL_Driver/Src/stm32c0xx_hal_adc.o
 .ARM.attributes
                0x00000000000001a0       0x2c ./Drivers/STM32C0xx_HAL_Driver/Src/stm32c0xx_hal_cortex.o
 .ARM.attributes
                0x00000000000001cc       0x2c ./Drivers/STM32C0xx_HAL_Driver/Src/stm32c0xx_hal_dma.o
 .ARM.attributes
                0x00000000000001f8       0x2c ./Drivers/STM32C0xx_HAL_Driver/Src/stm32c0xx_hal_gpio.o
 .ARM.attributes
                0x0000000000000224       0x2c ./Drivers/STM32C0xx_HAL_Driver/Src/stm32c0xx_hal_i2c.o
 .ARM.attributes
                0x0000000000000250       0x2c ./Drivers/STM32C0xx_HAL_Driver/Src/stm32c0xx_hal_i2c_ex.o
 .ARM.attributes
                0x000000000000027c       0x2c ./Drivers/STM32C0xx_HAL_Driver/Src/stm32c0xx_hal_rcc.o
 .ARM.attributes
                0x00000000000002a8       0x2c ./Drivers/STM32C0xx_HAL_Driver/Src/stm32c0xx_hal_rcc_ex.o
 .ARM.attributes
                0x00000000000002d4       0x2c ./Drivers/STM32C0xx_HAL_Driver/Src/stm32c0xx_hal_tim.o
 .ARM.attributes
                0x0000000000000300       0x2c ./Drivers/STM32C0xx_HAL_Driver/Src/stm32c0xx_hal_tim_ex.o
 .ARM.attributes
                0x000000000000032c       0x2c C:/ST/STM32CubeIDE_1.0.2/STM32CubeIDE/plugins/com.st.stm32cube.ide.mcu.externaltools.gnu-tools-for-stm32.11.3.rel1.win32_1.1.1.202309131626/tools/bin/../lib/gcc/arm-none-eabi/11.3.1/../../../../arm-none-eabi/lib/thumb/v6-m/nofp\libc_nano.a(libc_a-memset.o)
 .ARM.attributes
                0x0000000000000358       0x2c C:/ST/STM32CubeIDE_1.0.2/STM32CubeIDE/plugins/com.st.stm32cube.ide.mcu.externaltools.gnu-tools-for-stm32.11.3.rel1.win32_1.1.1.202309131626/tools/bin/../lib/gcc/arm-none-eabi/11.3.1/../../../../arm-none-eabi/lib/thumb/v6-m/nofp\libc_nano.a(libc_a-init.o)
 .ARM.attributes
                0x0000000000000384       0x1e C:/ST/STM32CubeIDE_1.0.2/STM32CubeIDE/plugins/com.st.stm32cube.ide.mcu.externaltools.gnu-tools-for-stm32.11.3.rel1.win32_1.1.1.202309131626/tools/bin/../lib/gcc/arm-none-eabi/11.3.1/thumb/v6-m/nofp\libgcc.a(_udivsi3.o)
 .ARM.attributes
                0x00000000000003a2       0x1e C:/ST/STM32CubeIDE_1.0.2/STM32CubeIDE/plugins/com.st.stm32cube.ide.mcu.externaltools.gnu-tools-for-stm32.11.3.rel1.win32_1.1.1.202309131626/tools/bin/../lib/gcc/arm-none-eabi/11.3.1/thumb/v6-m/nofp\libgcc.a(_dvmd_tls.o)
 .ARM.attributes
                0x00000000000003c0       0x1e C:/ST/STM32CubeIDE_1.0.2/STM32CubeIDE/plugins/com.st.stm32cube.ide.mcu.externaltools.gnu-tools-for-stm32.11.3.rel1.win32_1.1.1.202309131626/tools/bin/../lib/gcc/arm-none-eabi/11.3.1/thumb/v6-m/nofp\libgcc.a(_clzsi2.o)
 .ARM.attributes
                0x00000000000003de       0x2c C:/ST/STM32CubeIDE_1.0.2/STM32CubeIDE/plugins/com.st.stm32cube.ide.mcu.externaltools.gnu-tools-for-stm32.11.3.rel1.win32_1.1.1.202309131626/tools/bin/../lib/gcc/arm-none-eabi/11.3.1/thumb/v6-m/nofp\libgcc.a(divdf3.o)
 .ARM.attributes
                0x000000000000040a       0x2c C:/ST/STM32CubeIDE_1.0.2/STM32CubeIDE/plugins/com.st.stm32cube.ide.mcu.externaltools.gnu-tools-for-stm32.11.3.rel1.win32_1.1.1.202309131626/tools/bin/../lib/gcc/arm-none-eabi/11.3.1/thumb/v6-m/nofp\libgcc.a(muldf3.o)
 .ARM.attributes
                0x0000000000000436       0x2c C:/ST/STM32CubeIDE_1.0.2/STM32CubeIDE/plugins/com.st.stm32cube.ide.mcu.externaltools.gnu-tools-for-stm32.11.3.rel1.win32_1.1.1.202309131626/tools/bin/../lib/gcc/arm-none-eabi/11.3.1/thumb/v6-m/nofp\libgcc.a(floatunsidf.o)
 .ARM.attributes
                0x0000000000000462       0x2c C:/ST/STM32CubeIDE_1.0.2/STM32CubeIDE/plugins/com.st.stm32cube.ide.mcu.externaltools.gnu-tools-for-stm32.11.3.rel1.win32_1.1.1.202309131626/tools/bin/../lib/gcc/arm-none-eabi/11.3.1/thumb/v6-m/nofp\libgcc.a(truncdfsf2.o)
 .ARM.attributes
                0x000000000000048e       0x1e C:/ST/STM32CubeIDE_1.0.2/STM32CubeIDE/plugins/com.st.stm32cube.ide.mcu.externaltools.gnu-tools-for-stm32.11.3.rel1.win32_1.1.1.202309131626/tools/bin/../lib/gcc/arm-none-eabi/11.3.1/thumb/v6-m/nofp/crtn.o
OUTPUT(NUCLEO_C031.elf elf32-littlearm)
LOAD linker stubs
LOAD C:/ST/STM32CubeIDE_1.0.2/STM32CubeIDE/plugins/com.st.stm32cube.ide.mcu.externaltools.gnu-tools-for-stm32.11.3.rel1.win32_1.1.1.202309131626/tools/bin/../lib/gcc/arm-none-eabi/11.3.1/../../../../arm-none-eabi/lib/thumb/v6-m/nofp\libc.a
LOAD C:/ST/STM32CubeIDE_1.0.2/STM32CubeIDE/plugins/com.st.stm32cube.ide.mcu.externaltools.gnu-tools-for-stm32.11.3.rel1.win32_1.1.1.202309131626/tools/bin/../lib/gcc/arm-none-eabi/11.3.1/../../../../arm-none-eabi/lib/thumb/v6-m/nofp\libm.a
LOAD C:/ST/STM32CubeIDE_1.0.2/STM32CubeIDE/plugins/com.st.stm32cube.ide.mcu.externaltools.gnu-tools-for-stm32.11.3.rel1.win32_1.1.1.202309131626/tools/bin/../lib/gcc/arm-none-eabi/11.3.1/thumb/v6-m/nofp\libgcc.a

.comment        0x0000000000000000       0x43
 .comment       0x0000000000000000       0x43 C:/ST/STM32CubeIDE_1.0.2/STM32CubeIDE/plugins/com.st.stm32cube.ide.mcu.externaltools.gnu-tools-for-stm32.11.3.rel1.win32_1.1.1.202309131626/tools/bin/../lib/gcc/arm-none-eabi/11.3.1/thumb/v6-m/nofp/crtbegin.o
                                         0x44 (size before relaxing)
 .comment       0x0000000000000043       0x44 ./Core/Src/led.o
 .comment       0x0000000000000043       0x44 ./Core/Src/main.o
 .comment       0x0000000000000043       0x44 ./Core/Src/stm32c0xx_hal_msp.o
 .comment       0x0000000000000043       0x44 ./Core/Src/stm32c0xx_it.o
 .comment       0x0000000000000043       0x44 ./Core/Src/system_stm32c0xx.o
 .comment       0x0000000000000043       0x44 ./Drivers/STM32C0xx_HAL_Driver/Src/stm32c0xx_hal.o
 .comment       0x0000000000000043       0x44 ./Drivers/STM32C0xx_HAL_Driver/Src/stm32c0xx_hal_adc.o
 .comment       0x0000000000000043       0x44 ./Drivers/STM32C0xx_HAL_Driver/Src/stm32c0xx_hal_cortex.o
 .comment       0x0000000000000043       0x44 ./Drivers/STM32C0xx_HAL_Driver/Src/stm32c0xx_hal_dma.o
 .comment       0x0000000000000043       0x44 ./Drivers/STM32C0xx_HAL_Driver/Src/stm32c0xx_hal_gpio.o
 .comment       0x0000000000000043       0x44 ./Drivers/STM32C0xx_HAL_Driver/Src/stm32c0xx_hal_i2c.o
 .comment       0x0000000000000043       0x44 ./Drivers/STM32C0xx_HAL_Driver/Src/stm32c0xx_hal_i2c_ex.o
 .comment       0x0000000000000043       0x44 ./Drivers/STM32C0xx_HAL_Driver/Src/stm32c0xx_hal_rcc.o
 .comment       0x0000000000000043       0x44 ./Drivers/STM32C0xx_HAL_Driver/Src/stm32c0xx_hal_rcc_ex.o
 .comment       0x0000000000000043       0x44 ./Drivers/STM32C0xx_HAL_Driver/Src/stm32c0xx_hal_tim.o
 .comment       0x0000000000000043       0x44 ./Drivers/STM32C0xx_HAL_Driver/Src/stm32c0xx_hal_tim_ex.o

.debug_info     0x0000000000000000     0xf426
 .debug_info    0x0000000000000000      0x531 ./Core/Src/led.o
 .debug_info    0x0000000000000531     0x1879 ./Core/Src/main.o
 .debug_info    0x0000000000001daa     0x13eb ./Core/Src/stm32c0xx_hal_msp.o
 .debug_info    0x0000000000003195      0xe92 ./Core/Src/stm32c0xx_it.o
 .debug_info    0x0000000000004027      0x368 ./Core/Src/system_stm32c0xx.o
 .debug_info    0x000000000000438f       0x23 ./Core/Startup/startup_stm32c031c6tx.o
 .debug_info    0x00000000000043b2      0x856 ./Drivers/STM32C0xx_HAL_Driver/Src/stm32c0xx_hal.o
 .debug_info    0x0000000000004c08     0x14ef ./Drivers/STM32C0xx_HAL_Driver/Src/stm32c0xx_hal_adc.o
 .debug_info    0x00000000000060f7      0x82a ./Drivers/STM32C0xx_HAL_Driver/Src/stm32c0xx_hal_cortex.o
 .debug_info    0x0000000000006921      0x826 ./Drivers/STM32C0xx_HAL_Driver/Src/stm32c0xx_hal_dma.o
 .debug_info    0x0000000000007147      0x5b7 ./Drivers/STM32C0xx_HAL_Driver/Src/stm32c0xx_hal_gpio.o
 .debug_info    0x00000000000076fe     0x215f ./Drivers/STM32C0xx_HAL_Driver/Src/stm32c0xx_hal_i2c.o
 .debug_info    0x000000000000985d      0x9dc ./Drivers/STM32C0xx_HAL_Driver/Src/stm32c0xx_hal_i2c_ex.o
 .debug_info    0x000000000000a239      0x8bf ./Drivers/STM32C0xx_HAL_Driver/Src/stm32c0xx_hal_rcc.o
 .debug_info    0x000000000000aaf8      0x551 ./Drivers/STM32C0xx_HAL_Driver/Src/stm32c0xx_hal_rcc_ex.o
 .debug_info    0x000000000000b049     0x2b65 ./Drivers/STM32C0xx_HAL_Driver/Src/stm32c0xx_hal_tim.o
 .debug_info    0x000000000000dbae     0x1878 ./Drivers/STM32C0xx_HAL_Driver/Src/stm32c0xx_hal_tim_ex.o

.debug_abbrev   0x0000000000000000     0x2538
 .debug_abbrev  0x0000000000000000      0x1f6 ./Core/Src/led.o
 .debug_abbrev  0x00000000000001f6      0x370 ./Core/Src/main.o
 .debug_abbrev  0x0000000000000566      0x266 ./Core/Src/stm32c0xx_hal_msp.o
 .debug_abbrev  0x00000000000007cc      0x257 ./Core/Src/stm32c0xx_it.o
 .debug_abbrev  0x0000000000000a23      0x117 ./Core/Src/system_stm32c0xx.o
 .debug_abbrev  0x0000000000000b3a       0x12 ./Core/Startup/startup_stm32c031c6tx.o
 .debug_abbrev  0x0000000000000b4c      0x2cb ./Drivers/STM32C0xx_HAL_Driver/Src/stm32c0xx_hal.o
 .debug_abbrev  0x0000000000000e17      0x26d ./Drivers/STM32C0xx_HAL_Driver/Src/stm32c0xx_hal_adc.o
 .debug_abbrev  0x0000000000001084      0x2b7 ./Drivers/STM32C0xx_HAL_Driver/Src/stm32c0xx_hal_cortex.o
 .debug_abbrev  0x000000000000133b      0x1d5 ./Drivers/STM32C0xx_HAL_Driver/Src/stm32c0xx_hal_dma.o
 .debug_abbrev  0x0000000000001510      0x1d6 ./Drivers/STM32C0xx_HAL_Driver/Src/stm32c0xx_hal_gpio.o
 .debug_abbrev  0x00000000000016e6      0x26f ./Drivers/STM32C0xx_HAL_Driver/Src/stm32c0xx_hal_i2c.o
 .debug_abbrev  0x0000000000001955      0x1e2 ./Drivers/STM32C0xx_HAL_Driver/Src/stm32c0xx_hal_i2c_ex.o
 .debug_abbrev  0x0000000000001b37      0x2a8 ./Drivers/STM32C0xx_HAL_Driver/Src/stm32c0xx_hal_rcc.o
 .debug_abbrev  0x0000000000001ddf      0x225 ./Drivers/STM32C0xx_HAL_Driver/Src/stm32c0xx_hal_rcc_ex.o
 .debug_abbrev  0x0000000000002004      0x28a ./Drivers/STM32C0xx_HAL_Driver/Src/stm32c0xx_hal_tim.o
 .debug_abbrev  0x000000000000228e      0x2aa ./Drivers/STM32C0xx_HAL_Driver/Src/stm32c0xx_hal_tim_ex.o

.debug_aranges  0x0000000000000000      0xff0
 .debug_aranges
                0x0000000000000000       0x70 ./Core/Src/led.o
 .debug_aranges
                0x0000000000000070       0x68 ./Core/Src/main.o
 .debug_aranges
                0x00000000000000d8       0x50 ./Core/Src/stm32c0xx_hal_msp.o
 .debug_aranges
                0x0000000000000128       0x68 ./Core/Src/stm32c0xx_it.o
 .debug_aranges
                0x0000000000000190       0x28 ./Core/Src/system_stm32c0xx.o
 .debug_aranges
                0x00000000000001b8       0x28 ./Core/Startup/startup_stm32c031c6tx.o
 .debug_aranges
                0x00000000000001e0      0x110 ./Drivers/STM32C0xx_HAL_Driver/Src/stm32c0xx_hal.o
 .debug_aranges
                0x00000000000002f0      0x1f0 ./Drivers/STM32C0xx_HAL_Driver/Src/stm32c0xx_hal_adc.o
 .debug_aranges
                0x00000000000004e0       0xd8 ./Drivers/STM32C0xx_HAL_Driver/Src/stm32c0xx_hal_cortex.o
 .debug_aranges
                0x00000000000005b8       0x90 ./Drivers/STM32C0xx_HAL_Driver/Src/stm32c0xx_hal_dma.o
 .debug_aranges
                0x0000000000000648       0x68 ./Drivers/STM32C0xx_HAL_Driver/Src/stm32c0xx_hal_gpio.o
 .debug_aranges
                0x00000000000006b0      0x2a0 ./Drivers/STM32C0xx_HAL_Driver/Src/stm32c0xx_hal_i2c.o
 .debug_aranges
                0x0000000000000950       0x48 ./Drivers/STM32C0xx_HAL_Driver/Src/stm32c0xx_hal_i2c_ex.o
 .debug_aranges
                0x0000000000000998       0xa0 ./Drivers/STM32C0xx_HAL_Driver/Src/stm32c0xx_hal_rcc.o
 .debug_aranges
                0x0000000000000a38       0x40 ./Drivers/STM32C0xx_HAL_Driver/Src/stm32c0xx_hal_rcc_ex.o
 .debug_aranges
                0x0000000000000a78      0x3e0 ./Drivers/STM32C0xx_HAL_Driver/Src/stm32c0xx_hal_tim.o
 .debug_aranges
                0x0000000000000e58      0x198 ./Drivers/STM32C0xx_HAL_Driver/Src/stm32c0xx_hal_tim_ex.o

.debug_rnglists
                0x0000000000000000      0xc73
 .debug_rnglists
                0x0000000000000000       0x50 ./Core/Src/led.o
 .debug_rnglists
                0x0000000000000050       0x4f ./Core/Src/main.o
 .debug_rnglists
                0x000000000000009f       0x39 ./Core/Src/stm32c0xx_hal_msp.o
 .debug_rnglists
                0x00000000000000d8       0x4b ./Core/Src/stm32c0xx_it.o
 .debug_rnglists
                0x0000000000000123       0x1a ./Core/Src/system_stm32c0xx.o
 .debug_rnglists
                0x000000000000013d       0x19 ./Core/Startup/startup_stm32c031c6tx.o
 .debug_rnglists
                0x0000000000000156       0xc8 ./Drivers/STM32C0xx_HAL_Driver/Src/stm32c0xx_hal.o
 .debug_rnglists
                0x000000000000021e      0x17e ./Drivers/STM32C0xx_HAL_Driver/Src/stm32c0xx_hal_adc.o
 .debug_rnglists
                0x000000000000039c       0x9f ./Drivers/STM32C0xx_HAL_Driver/Src/stm32c0xx_hal_cortex.o
 .debug_rnglists
                0x000000000000043b       0x72 ./Drivers/STM32C0xx_HAL_Driver/Src/stm32c0xx_hal_dma.o
 .debug_rnglists
                0x00000000000004ad       0x4b ./Drivers/STM32C0xx_HAL_Driver/Src/stm32c0xx_hal_gpio.o
 .debug_rnglists
                0x00000000000004f8      0x229 ./Drivers/STM32C0xx_HAL_Driver/Src/stm32c0xx_hal_i2c.o
 .debug_rnglists
                0x0000000000000721       0x35 ./Drivers/STM32C0xx_HAL_Driver/Src/stm32c0xx_hal_i2c_ex.o
 .debug_rnglists
                0x0000000000000756       0x78 ./Drivers/STM32C0xx_HAL_Driver/Src/stm32c0xx_hal_rcc.o
 .debug_rnglists
                0x00000000000007ce       0x2d ./Drivers/STM32C0xx_HAL_Driver/Src/stm32c0xx_hal_rcc_ex.o
 .debug_rnglists
                0x00000000000007fb      0x32a ./Drivers/STM32C0xx_HAL_Driver/Src/stm32c0xx_hal_tim.o
 .debug_rnglists
                0x0000000000000b25      0x14e ./Drivers/STM32C0xx_HAL_Driver/Src/stm32c0xx_hal_tim_ex.o

.debug_macro    0x0000000000000000    0x15600
 .debug_macro   0x0000000000000000      0x2ef ./Core/Src/led.o
 .debug_macro   0x00000000000002ef       0x22 ./Core/Src/led.o
 .debug_macro   0x0000000000000311       0x22 ./Core/Src/led.o
 .debug_macro   0x0000000000000333       0x8e ./Core/Src/led.o
 .debug_macro   0x00000000000003c1       0x51 ./Core/Src/led.o
 .debug_macro   0x0000000000000412      0x103 ./Core/Src/led.o
 .debug_macro   0x0000000000000515       0x6a ./Core/Src/led.o
 .debug_macro   0x000000000000057f      0x1df ./Core/Src/led.o
 .debug_macro   0x000000000000075e       0x61 ./Core/Src/led.o
 .debug_macro   0x00000000000007bf       0x24 ./Core/Src/led.o
 .debug_macro   0x00000000000007e3       0x43 ./Core/Src/led.o
 .debug_macro   0x0000000000000826       0x34 ./Core/Src/led.o
 .debug_macro   0x000000000000085a       0x1c ./Core/Src/led.o
 .debug_macro   0x0000000000000876       0x2e ./Core/Src/led.o
 .debug_macro   0x00000000000008a4       0x28 ./Core/Src/led.o
 .debug_macro   0x00000000000008cc       0x1c ./Core/Src/led.o
 .debug_macro   0x00000000000008e8       0x22 ./Core/Src/led.o
 .debug_macro   0x000000000000090a       0xd1 ./Core/Src/led.o
 .debug_macro   0x00000000000009db      0x4da ./Core/Src/led.o
 .debug_macro   0x0000000000000eb5      0x11f ./Core/Src/led.o
 .debug_macro   0x0000000000000fd4     0x95f1 ./Core/Src/led.o
 .debug_macro   0x000000000000a5c5       0x6c ./Core/Src/led.o
 .debug_macro   0x000000000000a631      0x149 ./Core/Src/led.o
 .debug_macro   0x000000000000a77a       0xef ./Core/Src/led.o
 .debug_macro   0x000000000000a869     0x340f ./Core/Src/led.o
 .debug_macro   0x000000000000dc78      0x174 ./Core/Src/led.o
 .debug_macro   0x000000000000ddec       0x5b ./Core/Src/led.o
 .debug_macro   0x000000000000de47      0x374 ./Core/Src/led.o
 .debug_macro   0x000000000000e1bb      0xb42 ./Core/Src/led.o
 .debug_macro   0x000000000000ecfd      0x136 ./Core/Src/led.o
 .debug_macro   0x000000000000ee33      0x15f ./Core/Src/led.o
 .debug_macro   0x000000000000ef92      0x1b5 ./Core/Src/led.o
 .debug_macro   0x000000000000f147      0x264 ./Core/Src/led.o
 .debug_macro   0x000000000000f3ab      0x17e ./Core/Src/led.o
 .debug_macro   0x000000000000f529       0x43 ./Core/Src/led.o
 .debug_macro   0x000000000000f56c      0x1f1 ./Core/Src/led.o
 .debug_macro   0x000000000000f75d      0x918 ./Core/Src/led.o
 .debug_macro   0x0000000000010075      0x5c9 ./Core/Src/led.o
 .debug_macro   0x000000000001063e       0x2e ./Core/Src/led.o
 .debug_macro   0x000000000001066c      0x1b1 ./Core/Src/led.o
 .debug_macro   0x000000000001081d      0x352 ./Core/Src/led.o
 .debug_macro   0x0000000000010b6f       0x28 ./Core/Src/led.o
 .debug_macro   0x0000000000010b97       0xba ./Core/Src/led.o
 .debug_macro   0x0000000000010c51      0x22c ./Core/Src/led.o
 .debug_macro   0x0000000000010e7d       0x5b ./Core/Src/led.o
 .debug_macro   0x0000000000010ed8       0xa5 ./Core/Src/led.o
 .debug_macro   0x0000000000010f7d       0xff ./Core/Src/led.o
 .debug_macro   0x000000000001107c       0xcc ./Core/Src/led.o
 .debug_macro   0x0000000000011148      0xabb ./Core/Src/led.o
 .debug_macro   0x0000000000011c03       0xd9 ./Core/Src/led.o
 .debug_macro   0x0000000000011cdc      0x39c ./Core/Src/led.o
 .debug_macro   0x0000000000012078      0x2c2 ./Core/Src/led.o
 .debug_macro   0x000000000001233a      0x185 ./Core/Src/led.o
 .debug_macro   0x00000000000124bf       0xb2 ./Core/Src/led.o
 .debug_macro   0x0000000000012571      0x179 ./Core/Src/led.o
 .debug_macro   0x00000000000126ea       0x5f ./Core/Src/led.o
 .debug_macro   0x0000000000012749      0x14a ./Core/Src/led.o
 .debug_macro   0x0000000000012893      0x166 ./Core/Src/led.o
 .debug_macro   0x00000000000129f9      0x161 ./Core/Src/led.o
 .debug_macro   0x0000000000012b5a       0x6a ./Core/Src/led.o
 .debug_macro   0x0000000000012bc4       0x10 ./Core/Src/led.o
 .debug_macro   0x0000000000012bd4      0x373 ./Core/Src/main.o
 .debug_macro   0x0000000000012f47       0x10 ./Core/Src/main.o
 .debug_macro   0x0000000000012f57       0x16 ./Core/Src/main.o
 .debug_macro   0x0000000000012f6d       0x35 ./Core/Src/main.o
 .debug_macro   0x0000000000012fa2      0x369 ./Core/Src/main.o
 .debug_macro   0x000000000001330b       0x10 ./Core/Src/main.o
 .debug_macro   0x000000000001331b       0x16 ./Core/Src/main.o
 .debug_macro   0x0000000000013331       0x43 ./Core/Src/main.o
 .debug_macro   0x0000000000013374       0x34 ./Core/Src/main.o
 .debug_macro   0x00000000000133a8       0x10 ./Core/Src/main.o
 .debug_macro   0x00000000000133b8       0x58 ./Core/Src/main.o
 .debug_macro   0x0000000000013410       0x8e ./Core/Src/main.o
 .debug_macro   0x000000000001349e      0x177 ./Core/Src/main.o
 .debug_macro   0x0000000000013615       0x16 ./Core/Src/main.o
 .debug_macro   0x000000000001362b       0x16 ./Core/Src/main.o
 .debug_macro   0x0000000000013641      0x147 ./Core/Src/main.o
 .debug_macro   0x0000000000013788      0x262 ./Core/Src/stm32c0xx_hal_msp.o
 .debug_macro   0x00000000000139ea      0x291 ./Core/Src/stm32c0xx_it.o
 .debug_macro   0x0000000000013c7b       0x10 ./Core/Src/stm32c0xx_it.o
 .debug_macro   0x0000000000013c8b      0x203 ./Core/Src/system_stm32c0xx.o
 .debug_macro   0x0000000000013e8e      0x21b ./Drivers/STM32C0xx_HAL_Driver/Src/stm32c0xx_hal.o
 .debug_macro   0x00000000000140a9      0x221 ./Drivers/STM32C0xx_HAL_Driver/Src/stm32c0xx_hal_adc.o
 .debug_macro   0x00000000000142ca      0x1fd ./Drivers/STM32C0xx_HAL_Driver/Src/stm32c0xx_hal_cortex.o
 .debug_macro   0x00000000000144c7      0x1fd ./Drivers/STM32C0xx_HAL_Driver/Src/stm32c0xx_hal_dma.o
 .debug_macro   0x00000000000146c4      0x232 ./Drivers/STM32C0xx_HAL_Driver/Src/stm32c0xx_hal_gpio.o
 .debug_macro   0x00000000000148f6      0x2c9 ./Drivers/STM32C0xx_HAL_Driver/Src/stm32c0xx_hal_i2c.o
 .debug_macro   0x0000000000014bbf      0x1fd ./Drivers/STM32C0xx_HAL_Driver/Src/stm32c0xx_hal_i2c_ex.o
 .debug_macro   0x0000000000014dbc      0x22d ./Drivers/STM32C0xx_HAL_Driver/Src/stm32c0xx_hal_rcc.o
 .debug_macro   0x0000000000014fe9      0x20f ./Drivers/STM32C0xx_HAL_Driver/Src/stm32c0xx_hal_rcc_ex.o
 .debug_macro   0x00000000000151f8      0x205 ./Drivers/STM32C0xx_HAL_Driver/Src/stm32c0xx_hal_tim.o
 .debug_macro   0x00000000000153fd      0x203 ./Drivers/STM32C0xx_HAL_Driver/Src/stm32c0xx_hal_tim_ex.o

.debug_line     0x0000000000000000    0x13378
 .debug_line    0x0000000000000000      0xc97 ./Core/Src/led.o
 .debug_line    0x0000000000000c97      0xc95 ./Core/Src/main.o
 .debug_line    0x000000000000192c      0x98d ./Core/Src/stm32c0xx_hal_msp.o
 .debug_line    0x00000000000022b9      0xa3d ./Core/Src/stm32c0xx_it.o
 .debug_line    0x0000000000002cf6      0x7fa ./Core/Src/system_stm32c0xx.o
 .debug_line    0x00000000000034f0       0x7d ./Core/Startup/startup_stm32c031c6tx.o
 .debug_line    0x000000000000356d      0xb49 ./Drivers/STM32C0xx_HAL_Driver/Src/stm32c0xx_hal.o
 .debug_line    0x00000000000040b6     0x1939 ./Drivers/STM32C0xx_HAL_Driver/Src/stm32c0xx_hal_adc.o
 .debug_line    0x00000000000059ef      0xbe2 ./Drivers/STM32C0xx_HAL_Driver/Src/stm32c0xx_hal_cortex.o
 .debug_line    0x00000000000065d1      0xe0f ./Drivers/STM32C0xx_HAL_Driver/Src/stm32c0xx_hal_dma.o
 .debug_line    0x00000000000073e0      0xc13 ./Drivers/STM32C0xx_HAL_Driver/Src/stm32c0xx_hal_gpio.o
 .debug_line    0x0000000000007ff3     0x398f ./Drivers/STM32C0xx_HAL_Driver/Src/stm32c0xx_hal_i2c.o
 .debug_line    0x000000000000b982      0x9d2 ./Drivers/STM32C0xx_HAL_Driver/Src/stm32c0xx_hal_i2c_ex.o
 .debug_line    0x000000000000c354      0xd6d ./Drivers/STM32C0xx_HAL_Driver/Src/stm32c0xx_hal_rcc.o
 .debug_line    0x000000000000d0c1      0xa58 ./Drivers/STM32C0xx_HAL_Driver/Src/stm32c0xx_hal_rcc_ex.o
 .debug_line    0x000000000000db19     0x3bf3 ./Drivers/STM32C0xx_HAL_Driver/Src/stm32c0xx_hal_tim.o
 .debug_line    0x000000000001170c     0x1c6c ./Drivers/STM32C0xx_HAL_Driver/Src/stm32c0xx_hal_tim_ex.o

.debug_str      0x0000000000000000    0x8c153
 .debug_str     0x0000000000000000    0x83bd1 ./Core/Src/led.o
                                      0x84600 (size before relaxing)
 .debug_str     0x0000000000083bd1     0x444f ./Core/Src/main.o
                                      0x88996 (size before relaxing)
 .debug_str     0x0000000000088020      0x1ab ./Core/Src/stm32c0xx_hal_msp.o
                                      0x84e57 (size before relaxing)
 .debug_str     0x00000000000881cb      0x1cb ./Core/Src/stm32c0xx_it.o
                                      0x84a73 (size before relaxing)
 .debug_str     0x0000000000088396       0xad ./Core/Src/system_stm32c0xx.o
                                      0x7f56a (size before relaxing)
 .debug_str     0x0000000000088443       0x34 ./Core/Startup/startup_stm32c031c6tx.o
                                         0x73 (size before relaxing)
 .debug_str     0x0000000000088477      0x475 ./Drivers/STM32C0xx_HAL_Driver/Src/stm32c0xx_hal.o
                                      0x7fbb6 (size before relaxing)
 .debug_str     0x00000000000888ec      0x873 ./Drivers/STM32C0xx_HAL_Driver/Src/stm32c0xx_hal_adc.o
                                      0x802fe (size before relaxing)
 .debug_str     0x000000000008915f      0x22e ./Drivers/STM32C0xx_HAL_Driver/Src/stm32c0xx_hal_cortex.o
                                      0x7f952 (size before relaxing)
 .debug_str     0x000000000008938d      0x269 ./Drivers/STM32C0xx_HAL_Driver/Src/stm32c0xx_hal_dma.o
                                      0x7f9e8 (size before relaxing)
 .debug_str     0x00000000000895f6      0x1c7 ./Drivers/STM32C0xx_HAL_Driver/Src/stm32c0xx_hal_gpio.o
                                      0x7f769 (size before relaxing)
 .debug_str     0x00000000000897bd      0xea5 ./Drivers/STM32C0xx_HAL_Driver/Src/stm32c0xx_hal_i2c.o
                                      0x8093a (size before relaxing)
 .debug_str     0x000000000008a662       0xb8 ./Drivers/STM32C0xx_HAL_Driver/Src/stm32c0xx_hal_i2c_ex.o
                                      0x7fbcc (size before relaxing)
 .debug_str     0x000000000008a71a      0x457 ./Drivers/STM32C0xx_HAL_Driver/Src/stm32c0xx_hal_rcc.o
                                      0x7fb5c (size before relaxing)
 .debug_str     0x000000000008ab71      0x128 ./Drivers/STM32C0xx_HAL_Driver/Src/stm32c0xx_hal_rcc_ex.o
                                      0x7f7da (size before relaxing)
 .debug_str     0x000000000008ac99      0xe6f ./Drivers/STM32C0xx_HAL_Driver/Src/stm32c0xx_hal_tim.o
                                      0x80a99 (size before relaxing)
 .debug_str     0x000000000008bb08      0x64b ./Drivers/STM32C0xx_HAL_Driver/Src/stm32c0xx_hal_tim_ex.o
                                      0x80427 (size before relaxing)

.debug_frame    0x0000000000000000     0x3b18
 .debug_frame   0x0000000000000000      0x170 ./Core/Src/led.o
 .debug_frame   0x0000000000000170      0x140 ./Core/Src/main.o
 .debug_frame   0x00000000000002b0       0xf0 ./Core/Src/stm32c0xx_hal_msp.o
 .debug_frame   0x00000000000003a0      0x130 ./Core/Src/stm32c0xx_it.o
 .debug_frame   0x00000000000004d0       0x4c ./Core/Src/system_stm32c0xx.o
 .debug_frame   0x000000000000051c      0x3a0 ./Drivers/STM32C0xx_HAL_Driver/Src/stm32c0xx_hal.o
 .debug_frame   0x00000000000008bc      0x790 ./Drivers/STM32C0xx_HAL_Driver/Src/stm32c0xx_hal_adc.o
 .debug_frame   0x000000000000104c      0x2fc ./Drivers/STM32C0xx_HAL_Driver/Src/stm32c0xx_hal_cortex.o
 .debug_frame   0x0000000000001348      0x1f0 ./Drivers/STM32C0xx_HAL_Driver/Src/stm32c0xx_hal_dma.o
 .debug_frame   0x0000000000001538      0x150 ./Drivers/STM32C0xx_HAL_Driver/Src/stm32c0xx_hal_gpio.o
 .debug_frame   0x0000000000001688      0xa64 ./Drivers/STM32C0xx_HAL_Driver/Src/stm32c0xx_hal_i2c.o
 .debug_frame   0x00000000000020ec       0xd0 ./Drivers/STM32C0xx_HAL_Driver/Src/stm32c0xx_hal_i2c_ex.o
 .debug_frame   0x00000000000021bc      0x214 ./Drivers/STM32C0xx_HAL_Driver/Src/stm32c0xx_hal_rcc.o
 .debug_frame   0x00000000000023d0       0xac ./Drivers/STM32C0xx_HAL_Driver/Src/stm32c0xx_hal_rcc_ex.o
 .debug_frame   0x000000000000247c      0xf40 ./Drivers/STM32C0xx_HAL_Driver/Src/stm32c0xx_hal_tim.o
 .debug_frame   0x00000000000033bc      0x620 ./Drivers/STM32C0xx_HAL_Driver/Src/stm32c0xx_hal_tim_ex.o
 .debug_frame   0x00000000000039dc       0x20 C:/ST/STM32CubeIDE_1.0.2/STM32CubeIDE/plugins/com.st.stm32cube.ide.mcu.externaltools.gnu-tools-for-stm32.11.3.rel1.win32_1.1.1.202309131626/tools/bin/../lib/gcc/arm-none-eabi/11.3.1/../../../../arm-none-eabi/lib/thumb/v6-m/nofp\libc_nano.a(libc_a-memset.o)
 .debug_frame   0x00000000000039fc       0x2c C:/ST/STM32CubeIDE_1.0.2/STM32CubeIDE/plugins/com.st.stm32cube.ide.mcu.externaltools.gnu-tools-for-stm32.11.3.rel1.win32_1.1.1.202309131626/tools/bin/../lib/gcc/arm-none-eabi/11.3.1/../../../../arm-none-eabi/lib/thumb/v6-m/nofp\libc_nano.a(libc_a-init.o)
 .debug_frame   0x0000000000003a28       0x20 C:/ST/STM32CubeIDE_1.0.2/STM32CubeIDE/plugins/com.st.stm32cube.ide.mcu.externaltools.gnu-tools-for-stm32.11.3.rel1.win32_1.1.1.202309131626/tools/bin/../lib/gcc/arm-none-eabi/11.3.1/thumb/v6-m/nofp\libgcc.a(_udivsi3.o)
 .debug_frame   0x0000000000003a48       0x3c C:/ST/STM32CubeIDE_1.0.2/STM32CubeIDE/plugins/com.st.stm32cube.ide.mcu.externaltools.gnu-tools-for-stm32.11.3.rel1.win32_1.1.1.202309131626/tools/bin/../lib/gcc/arm-none-eabi/11.3.1/thumb/v6-m/nofp\libgcc.a(divdf3.o)
 .debug_frame   0x0000000000003a84       0x3c C:/ST/STM32CubeIDE_1.0.2/STM32CubeIDE/plugins/com.st.stm32cube.ide.mcu.externaltools.gnu-tools-for-stm32.11.3.rel1.win32_1.1.1.202309131626/tools/bin/../lib/gcc/arm-none-eabi/11.3.1/thumb/v6-m/nofp\libgcc.a(muldf3.o)
 .debug_frame   0x0000000000003ac0       0x28 C:/ST/STM32CubeIDE_1.0.2/STM32CubeIDE/plugins/com.st.stm32cube.ide.mcu.externaltools.gnu-tools-for-stm32.11.3.rel1.win32_1.1.1.202309131626/tools/bin/../lib/gcc/arm-none-eabi/11.3.1/thumb/v6-m/nofp\libgcc.a(floatunsidf.o)
 .debug_frame   0x0000000000003ae8       0x30 C:/ST/STM32CubeIDE_1.0.2/STM32CubeIDE/plugins/com.st.stm32cube.ide.mcu.externaltools.gnu-tools-for-stm32.11.3.rel1.win32_1.1.1.202309131626/tools/bin/../lib/gcc/arm-none-eabi/11.3.1/thumb/v6-m/nofp\libgcc.a(truncdfsf2.o)

.debug_line_str
                0x0000000000000000       0x67
 .debug_line_str
                0x0000000000000000       0x67 ./Core/Startup/startup_stm32c031c6tx.o
                                         0x7f (size before relaxing)
