../Drivers/STM32C0xx_HAL_Driver/Inc/stm32c0xx_ll_bus.h:158:22:LL_AHB1_GRP1_EnableClock	24	static
../Core/Src/main.c:67:6:adcCalibration	16	static
../Core/Src/main.c:94:5:main	8	static
../Core/Src/main.c:168:6:SystemClock_Config	64	static
../Core/Src/main.c:205:13:MX_ADC1_Init	24	static
../Core/Src/main.c:264:13:MX_TIM1_Init	40	static
../Core/Src/main.c:309:13:MX_DMA_Init	8	static
../Core/Src/main.c:328:13:MX_GPIO_Init	48	static
../Core/Src/main.c:381:6:Error_Handler	8	static,ignoring_inline_asm
