../Drivers/STM32C0xx_HAL_Driver/Inc/stm32c0xx_ll_bus.h:158:22:LL_AHB1_GRP1_EnableClock	24	static
../Core/Src/main.c:77:6:adcCalibration	16	static
../Core/Src/main.c:104:5:main	8	static
../Core/Src/main.c:202:6:SystemClock_Config	64	static
../Core/Src/main.c:239:13:MX_ADC1_Init	24	static
../Core/Src/main.c:298:13:MX_I2C1_Init	8	static
../Core/Src/main.c:346:13:MX_TIM1_Init	40	static
../Core/Src/main.c:391:13:MX_DMA_Init	8	static
../Core/Src/main.c:410:13:MX_GPIO_Init	48	static
../Core/Src/main.c:469:6:Error_Handler	8	static,ignoring_inline_asm
