../Core/Src/stm32c0xx_it.c:77:6:NMI_Handler	8	static
../Core/Src/stm32c0xx_it.c:92:6:HardFault_Handler	8	static
../Core/Src/stm32c0xx_it.c:107:6:SVC_Handler	8	static
../Core/Src/stm32c0xx_it.c:120:6:PendSV_Handler	8	static
../Core/Src/stm32c0xx_it.c:133:6:SysTick_Handler	8	static
../Core/Src/stm32c0xx_it.c:154:6:EXTI4_15_IRQHandler	8	static
../Core/Src/stm32c0xx_it.c:168:6:DMA1_Channel1_IRQHandler	8	static
../Core/Src/stm32c0xx_it.c:182:6:TIM1_BRK_UP_TRG_COM_IRQHandler	8	static
../Core/Src/stm32c0xx_it.c:194:6:HAL_ADC_ConvCpltCallback	24	static
